Microchip MPLAB XC8 Compiler V2.46

Linker command line:

-W-3 \
  --edf=C:\Program Files\Microchip\xc8\v2.46\pic\dat\20240104201356_en.msgs \
  -cn -h+dist/default/production\PROG.X.production.sym \
  --cmf=dist/default/production\PROG.X.production.cmf -z -Q16F877A \
  -oC:\Users\danta\AppData\Local\Temp\xcAs42s.\driver_tmp_3.o \
  --defsym=__MPLAB_BUILD=1 --fixupoverflow=error \
  -Mdist/default/production/PROG.X.production.map \
  --md=C:\Users\danta\AppData\Local\Temp\xcAs42s.\driver_tmp_0.dat -E1 \
  -ver=XC8 Compiler --acfsm=1493 -ACODE=00h-07FFhx4 -ASTRCODE=00h-01FFFh \
  -ASTRING=00h-0FFhx32 -ACONST=00h-0FFhx32 -AENTRY=00h-0FFhx32 \
  -ACOMMON=070h-07Fh -ABANK0=020h-06Fh -ABANK1=0A0h-0EFh \
  -ABANK2=0110h-016Fh -ABANK3=0190h-01EFh \
  -ARAM=020h-06Fh,0A0h-0EFh,0110h-016Fh,0190h-01EFh \
  -AABS1=020h-07Fh,0A0h-0EFh,0110h-016Fh,0190h-01EFh -ASFR0=00h-01Fh \
  -ASFR1=080h-09Fh -ASFR2=0100h-010Fh -ASFR3=0180h-018Fh \
  -ACONFIG=02007h-02007h -DCONFIG=2 -AIDLOC=02000h-02003h -DIDLOC=2 \
  -AEEDATA=00h-0FFh/02100h -peeprom_data=EEDATA -DEEDATA=2 -DCODE=2 \
  -DSTRCODE=2 -DSTRING=2 -DCONST=2 -DENTRY=2 \
  -preset_vec=00h,intentry=04h,sivt,init,end_init -ppowerup=CODE \
  -pcinit=CODE -pfunctab=ENTRY -k \
  C:\Users\danta\AppData\Local\Temp\xcAs42s.\driver_tmp_12.o \
  dist/default/production\PROG.X.production.o 

Object code version is 3.11

Machine type is 16F877A



                Name                               Link     Load   Length Selector   Space Scale
C:\Users\danta\AppData\Local\Temp\xcAs42s.\driver_tmp_12.o
                end_init                              E        E        3        8       0
                reset_vec                             0        0        3        0       0
                config                             2007     2007        1        0       4
                idloc                              2000     2000        4        0       5
dist/default/production\PROG.X.production.o
                cinit                                11       11       19        8       0
                intentry                              4        4        A        8       0
                config                             2007     2007        1        0       4
                idloc                              2000     2000        4        0       5
                text6                               15F      15F       2E        8       0
                text5                               21A      21A        C        8       0
                text4                               1D2      1D2       21        8       0
                text3                               1F3      1F3       14        8       0
                text2                                F4       F4       6B        8       0
                text1                                2A       2A       CA        8       0
                maintext                            18D      18D       24        8       0
                cstackBANK0                          41       41       19       20       1
                cstackCOMMON                         70       70        A       70       1
                inittext                            207      207       13        8       0
                dataBANK0                            20       20       21       20       1
                bssBANK0                             5A       5A        7       20       1
                idataBANK0                          1B1      1B1       21        8       0

TOTAL           Name                               Link     Load   Length     Space
        CLASS   CODE           
                end_init                              E        E        3         0
                cinit                                11       11       19         0
                intentry                              4        4        A         0
                reset_vec                             0        0        3         0
                text6                               15F      15F       2E         0
                text5                               21A      21A        C         0
                text4                               1D2      1D2       21         0
                text3                               1F3      1F3       14         0
                text2                                F4       F4       6B         0
                text1                                2A       2A       CA         0
                maintext                            18D      18D       24         0
                inittext                            207      207       13         0
                idataBANK0                          1B1      1B1       21         0

        CLASS   STRCODE        

        CLASS   STRING         

        CLASS   CONST          

        CLASS   ENTRY          

        CLASS   COMMON         
                cstackCOMMON                         70       70        A         1

        CLASS   BANK0          
                cstackBANK0                          41       41       19         1
                dataBANK0                            20       20       21         1
                bssBANK0                             5A       5A        7         1

        CLASS   BANK1          

        CLASS   BANK2          

        CLASS   BANK3          

        CLASS   RAM            

        CLASS   ABS1           
                abs_s1                               7E       7E        2         1

        CLASS   SFR0           

        CLASS   SFR1           

        CLASS   SFR2           

        CLASS   SFR3           

        CLASS   CONFIG         
                config                             2007     2007        1         4

        CLASS   IDLOC          
                idloc                              2000     2000        4         5

        CLASS   EEDATA         

        CLASS   HEAP           

        CLASS   STACK          



SEGMENTS        Name                           Load    Length   Top    Selector   Space  Class     Delta

                reset_vec                      000000  000003  000003         0       0  CODE        2
                intentry                       000004  000222  000226         8       0  CODE        2
                dataBANK0                      000020  000041  000061        20       1  BANK0       1
                cstackCOMMON                   000070  00000A  00007A        70       1  COMMON      1


UNUSED ADDRESS RANGES

        Name                Unused          Largest block    Delta
        BANK0            0061-006F              F           1
        BANK1            00A0-00EF             50           1
        BANK2            0110-016F             60           1
        BANK3            0190-01EF             60           1
        CODE             0003-0003              1           2
                         0226-1FFF            800
        COMMON           007A-007D              4           1
        CONST            0003-0003              1           2
                         0226-1FFF            100
        EEDATA           2100-21FF            100           2
        ENTRY            0003-0003              1           2
                         0226-1FFF            100
        RAM              0061-006F              F           1
                         00A0-00EF             50
                         0110-016F             60
                         0190-01EF             60
        SFR0             0000-001F             20           1
        SFR1             0080-009F             20           1
        SFR2             0100-010F             10           1
        SFR3             0180-018F             10           1
        STRCODE          0003-0003              1           2
                         0226-1FFF           1DDA
        STRING           0003-0003              1           2
                         0226-1FFF            100

                                  Symbol Table

?_binaryToDecimal            cstackCOMMON 0074
IR_Read@i                    cstackBANK0  0056
IR_Read@i_299                cstackBANK0  0058
UART_Write@data              cstackCOMMON 0074
UART_Write_Text@i            cstackCOMMON 0076
UART_Write_Text@text         cstackCOMMON 0078
UART_Write_Text_ln@text      cstackCOMMON 0079
_CMCON                       (abs)        009C
_INTCONbits                  (abs)        000B
_INTF                        (abs)        0059
_IR_Read                     text1        002A
_OPTION_REGbits              (abs)        0081
_PORTB                       (abs)        0006
_PORTBbits                   (abs)        0006
_PORTC                       (abs)        0007
_RCIF                        (abs)        0065
_RCREG                       (abs)        001A
_RCSTAbits                   (abs)        0018
_SPBRG                       (abs)        0099
_TRISB                       (abs)        0086
_TRISC                       (abs)        0087
_TRMT                        (abs)        04C1
_TXREG                       (abs)        0019
_TXSTAbits                   (abs)        0098
_UART_Write                  text5        021A
_UART_Write_Text             text4        01D2
_UART_Write_Text_ln          text3        01F3
__H__absolute__              __absolute__ 0000
__Habs1                      abs1         0000
__Hbank0                     bank0        0000
__Hbank1                     bank1        0000
__Hbank2                     bank2        0000
__Hbank3                     bank3        0000
__HbssBANK0                  bssBANK0     0000
__Hcinit                     cinit        002A
__Hclrtext                   clrtext      0000
__Hcode                      code         0000
__Hcommon                    common       0000
__Hconfig                    config       2008
__HcstackBANK0               cstackBANK0  0000
__HcstackCOMMON              cstackCOMMON 0000
__HdataBANK0                 dataBANK0    0000
__Heeprom_data               eeprom_data  0000
__Hend_init                  end_init     0011
__Hfunctab                   functab      0000
__Hheap                      heap         0000
__HidataBANK0                idataBANK0   0000
__Hidloc                     idloc        2004
__Hinit                      init         000E
__Hinittext                  inittext     0000
__Hintentry                  intentry     000E
__Hmaintext                  maintext     0000
__Hpowerup                   powerup      0000
__Hram                       ram          0000
__Hreset_vec                 reset_vec    0003
__Hsfr0                      sfr0         0000
__Hsfr1                      sfr1         0000
__Hsfr2                      sfr2         0000
__Hsfr3                      sfr3         0000
__Hsivt                      sivt         000E
__Hspace_0                   (abs)        0226
__Hspace_1                   (abs)        007A
__Hspace_2                   (abs)        0000
__Hspace_3                   (abs)        0000
__Hspace_4                   (abs)        400F
__Hstack                     stack        0000
__Hstrings                   strings      0000
__Htext                      text         0000
__L__absolute__              __absolute__ 0000
__Labs1                      abs1         0000
__Lbank0                     bank0        0000
__Lbank1                     bank1        0000
__Lbank2                     bank2        0000
__Lbank3                     bank3        0000
__LbssBANK0                  bssBANK0     0000
__Lcinit                     cinit        0011
__Lclrtext                   clrtext      0000
__Lcode                      code         0000
__Lcommon                    common       0000
__Lconfig                    config       0000
__LcstackBANK0               cstackBANK0  0000
__LcstackCOMMON              cstackCOMMON 0000
__LdataBANK0                 dataBANK0    0000
__Leeprom_data               eeprom_data  0000
__Lend_init                  end_init     000E
__Lfunctab                   functab      0000
__Lheap                      heap         0000
__LidataBANK0                idataBANK0   0000
__Lidloc                     idloc        0000
__Linit                      init         000E
__Linittext                  inittext     0000
__Lintentry                  intentry     0004
__Lmaintext                  maintext     0000
__Lpowerup                   powerup      0000
__Lram                       ram          0000
__Lreset_vec                 reset_vec    0000
__Lsfr0                      sfr0         0000
__Lsfr1                      sfr1         0000
__Lsfr2                      sfr2         0000
__Lsfr3                      sfr3         0000
__Lsivt                      sivt         000E
__Lspace_0                   (abs)        0000
__Lspace_1                   (abs)        0000
__Lspace_2                   (abs)        0000
__Lspace_3                   (abs)        0000
__Lspace_4                   (abs)        0000
__Lstack                     stack        0000
__Lstrings                   strings      0000
__Ltext                      text         0000
__S0                         (abs)        0226
__S1                         (abs)        007A
__S3                         (abs)        0000
___heap_hi                   (abs)        0000
___heap_lo                   (abs)        0000
___int_sp                    stack        0000
___int_stack_hi              stack        0000
___int_stack_lo              stack        0000
___latbits                   (abs)        0002
___sp                        stack        0000
___stack_hi                  stack        0000
___stack_lo                  stack        0000
___stackhi                   (abs)        0000
___stacklo                   (abs)        0000
__end_of_IR_Read             text1        00F4
__end_of_UART_Write          text5        0226
__end_of_UART_Write_Text     text4        01F3
__end_of_UART_Write_Text_ln  text3        0207
__end_of__initialization     cinit        0026
__end_of_binaryToDecimal     text2        015F
__end_of_global              text6        018D
__end_of_main                maintext     01B1
__initialization             cinit        0011
__pbssBANK0                  bssBANK0     005A
__pcstackBANK0               cstackBANK0  0041
__pcstackCOMMON              cstackCOMMON 0070
__pdataBANK0                 dataBANK0    0020
__pidataBANK0                idataBANK0   01B1
__pintentry                  intentry     0004
__pmaintext                  maintext     018D
__ptext1                     text1        002A
__ptext2                     text2        00F4
__ptext3                     text3        01F3
__ptext4                     text4        01D2
__ptext5                     text5        021A
__ptext6                     text6        015F
_binaryToDecimal             text2        00F4
_code                        dataBANK0    0020
_code_count                  bssBANK0     005E
_counter                     bssBANK0     0060
_decimalValue                bssBANK0     005A
_global                      text6        015F
_main                        maintext     018D
_trava                       bssBANK0     005F
binaryToDecimal@binaryVector cstackBANK0  004C
binaryToDecimal@decimalValue cstackBANK0  004D
binaryToDecimal@i            cstackBANK0  0051
btemp                        (abs)        007E
end_of_initialization        cinit        0026
init_fetch0                  inittext     0207
init_ram0                    inittext     020B
interrupt_function           intentry     0004
intlevel0                    functab      0000
intlevel1                    functab      0000
intlevel2                    functab      0000
intlevel3                    functab      0000
intlevel4                    functab      0000
intlevel5                    functab      0000
reset_vec                    reset_vec    0000
saved_w                      (abs)        007E
start                        init         000E
start_initialization         cinit        0011
wtemp0                       (abs)        007E


MODULE INFORMATION

Module		Function		Class		Link	Load	Size
Bibliotecas/EUSART_C.c
		_UART_Write_Text		CODE           	01D2	0000	33
		_UART_Write_Text_ln		CODE           	01F3	0000	20
		_UART_Write    		CODE           	021A	0000	12

Bibliotecas/EUSART_C.c estimated size: 65

Bibliotecas/IR_C.c
		_binaryToDecimal		CODE           	00F4	0000	107
		_IR_Read       		CODE           	002A	0000	202

Bibliotecas/IR_C.c estimated size: 309

shared
		__initialization		CODE           	0011	0000	21

shared estimated size: 21

main.c
		_main          		CODE           	018D	0000	36
		_global        		CODE           	015F	0000	46

main.c estimated size: 82

